// Jest Snapshot v1, https://goo.gl/fbAQLP

exports[`Button component should match snapshot 1`] = `
<styled.button
  disabled={false}
  href={null}
  onClick={[Function]}
  primary={false}
  small={false}
  type="button"
  wide={true}
>
  Button
</styled.button>
`;
