// Jest Snapshot v1, https://goo.gl/fbAQLP

exports[`BannerSubtitle should render 1`] = `
.c0 {
  color: #ffffff;
  font-size: 16px;
}

.c0 span {
  background-color: #2d2f7f;
  display: inline-block;
  padding: 0 10px;
}

<h3
  className="c0"
>
  <span />
</h3>
`;
