// Jest Snapshot v1, https://goo.gl/fbAQLP

exports[`Button component should match snapshot 1`] = `
ShallowWrapper {
  "length": 1,
  Symbol(enzyme.__root__): [Circular],
  Symbol(enzyme.__unrendered__): <Button
    className=""
    disabled={false}
    fullmobile={false}
    link={false}
    onClick={null}
    primary={false}
    small={false}
    to={null}
    type="button"
    wide={true}
  >
    Button
  </Button>,
  Symbol(enzyme.__renderer__): Object {
    "batchedUpdates": [Function],
    "getNode": [Function],
    "render": [Function],
    "simulateEvent": [Function],
    "unmount": [Function],
  },
  Symbol(enzyme.__node__): Object {
    "instance": null,
    "key": undefined,
    "nodeType": "class",
    "props": Object {
      "aria-controls": undefined,
      "aria-expanded": undefined,
      "children": "Button",
      "className": "",
      "disabled": false,
      "fullmobile": false,
      "href": null,
      "onClick": null,
      "primary": false,
      "small": false,
      "type": "button",
      "wide": true,
    },
    "ref": null,
    "rendered": "Button",
    "type": [Function],
  },
  Symbol(enzyme.__nodes__): Array [
    Object {
      "instance": null,
      "key": undefined,
      "nodeType": "class",
      "props": Object {
        "aria-controls": undefined,
        "aria-expanded": undefined,
        "children": "Button",
        "className": "",
        "disabled": false,
        "fullmobile": false,
        "href": null,
        "onClick": null,
        "primary": false,
        "small": false,
        "type": "button",
        "wide": true,
      },
      "ref": null,
      "rendered": "Button",
      "type": [Function],
    },
  ],
  Symbol(enzyme.__options__): Object {
    "adapter": ReactSixteenAdapter {
      "options": Object {
        "enableComponentDidUpdateOnSetState": true,
      },
    },
  },
}
`;
