// Jest Snapshot v1, https://goo.gl/fbAQLP

exports[`BannerTitle should render 1`] = `
.c0 {
  display: block;
  color: #2d2f7f;
  font-size: 28px;
  margin-bottom: 0;
  padding: 0 10px;
}

.c0 span {
  background-color: #ffffff;
}

<h1
  className="c0"
>
  <span />
</h1>
`;
