// Jest Snapshot v1, https://goo.gl/fbAQLP

exports[`ChevronRight should render the correct tree 1`] = `
ShallowWrapper {
  "length": 1,
  Symbol(enzyme.__root__): [Circular],
  Symbol(enzyme.__unrendered__): <ChevronRight />,
  Symbol(enzyme.__renderer__): Object {
    "batchedUpdates": [Function],
    "getNode": [Function],
    "render": [Function],
    "simulateEvent": [Function],
    "unmount": [Function],
  },
  Symbol(enzyme.__node__): Object {
    "instance": null,
    "key": undefined,
    "nodeType": "host",
    "props": Object {
      "children": <path
        d="M2 2l7 7-7 7"
        stroke="#2D2F7F"
        strokeLinecap="round"
        strokeLinejoin="round"
        strokeWidth={3}
      />,
      "fill": "none",
      "height": 18,
      "style": Object {
        "display": "inline-block",
        "marginBottom": "-4px",
        "marginLeft": "6px",
      },
      "viewBox": "0 0 11 18",
      "width": 11,
    },
    "ref": null,
    "rendered": Object {
      "instance": null,
      "key": undefined,
      "nodeType": "host",
      "props": Object {
        "d": "M2 2l7 7-7 7",
        "stroke": "#2D2F7F",
        "strokeLinecap": "round",
        "strokeLinejoin": "round",
        "strokeWidth": 3,
      },
      "ref": null,
      "rendered": null,
      "type": "path",
    },
    "type": "svg",
  },
  Symbol(enzyme.__nodes__): Array [
    Object {
      "instance": null,
      "key": undefined,
      "nodeType": "host",
      "props": Object {
        "children": <path
          d="M2 2l7 7-7 7"
          stroke="#2D2F7F"
          strokeLinecap="round"
          strokeLinejoin="round"
          strokeWidth={3}
        />,
        "fill": "none",
        "height": 18,
        "style": Object {
          "display": "inline-block",
          "marginBottom": "-4px",
          "marginLeft": "6px",
        },
        "viewBox": "0 0 11 18",
        "width": 11,
      },
      "ref": null,
      "rendered": Object {
        "instance": null,
        "key": undefined,
        "nodeType": "host",
        "props": Object {
          "d": "M2 2l7 7-7 7",
          "stroke": "#2D2F7F",
          "strokeLinecap": "round",
          "strokeLinejoin": "round",
          "strokeWidth": 3,
        },
        "ref": null,
        "rendered": null,
        "type": "path",
      },
      "type": "svg",
    },
  ],
  Symbol(enzyme.__options__): Object {
    "adapter": ReactSixteenAdapter {
      "options": Object {
        "enableComponentDidUpdateOnSetState": true,
      },
    },
  },
}
`;
