// Jest Snapshot v1, https://goo.gl/fbAQLP

exports[`CheckboxSet @renders should render 1`] = `
ShallowWrapper {
  "length": 1,
  Symbol(enzyme.__root__): [Circular],
  Symbol(enzyme.__unrendered__): <CheckboxSet
    filterName="test"
  />,
  Symbol(enzyme.__renderer__): Object {
    "batchedUpdates": [Function],
    "getNode": [Function],
    "render": [Function],
    "simulateEvent": [Function],
    "unmount": [Function],
  },
  Symbol(enzyme.__node__): Object {
    "instance": null,
    "key": undefined,
    "nodeType": "function",
    "props": Object {
      "children": [Function],
    },
    "ref": null,
    "rendered": [Function],
    "type": Object {
      "$$typeof": Symbol(react.context),
      "Consumer": [Circular],
      "Provider": Object {
        "$$typeof": Symbol(react.provider),
        "_context": [Circular],
      },
      "_calculateChangedBits": null,
      "_changedBits": 0,
      "_changedBits2": 0,
      "_currentRenderer": null,
      "_currentRenderer2": null,
      "_currentValue": undefined,
      "_currentValue2": undefined,
      "_defaultValue": undefined,
    },
  },
  Symbol(enzyme.__nodes__): Array [
    Object {
      "instance": null,
      "key": undefined,
      "nodeType": "function",
      "props": Object {
        "children": [Function],
      },
      "ref": null,
      "rendered": [Function],
      "type": Object {
        "$$typeof": Symbol(react.context),
        "Consumer": [Circular],
        "Provider": Object {
          "$$typeof": Symbol(react.provider),
          "_context": [Circular],
        },
        "_calculateChangedBits": null,
        "_changedBits": 0,
        "_changedBits2": 0,
        "_currentRenderer": null,
        "_currentRenderer2": null,
        "_currentValue": undefined,
        "_currentValue2": undefined,
        "_defaultValue": undefined,
      },
    },
  ],
  Symbol(enzyme.__options__): Object {
    "adapter": ReactSixteenAdapter {
      "options": Object {
        "enableComponentDidUpdateOnSetState": true,
      },
    },
    "context": Object {
      "theme": Object {
        "breakpoints": Array [
          "375px",
          "768px",
          "1024px",
          "1440px",
        ],
        "colors": Object {
          "amber": "#FFCA00",
          "beachBlue": "#2C77E5",
          "black": "#000000",
          "bondiBlue": "#00A3BD",
          "darkGrey": "#5B5B5B",
          "darkPurple": "#660C63",
          "electricPurple": "#BC01FF",
          "eucalyptusGreen": "#2CDA9D",
          "fuscia": "#FF88F1",
          "green": "#34C30A",
          "greyBlue": "#5770D1",
          "indigo": "#2D2F7F",
          "lemonGreen": "#C3D30E",
          "lightGrey": "#EFEFEF",
          "mediumGrey": "#E1E1E1",
          "pink": "#ED2C6E",
          "red": "#D0021B",
          "skyBlue": "#2ACFFF",
          "tomato": "#FF5B44",
          "white": "#FFFFFF",
          "yellow": "#FFD95E",
        },
        "fonts": Object {
          "body": "Roboto, sans-serif",
          "title": "Poppins, sans-serif",
        },
        "space": Array [
          0,
          5,
          10,
          15,
          20,
        ],
      },
    },
  },
}
`;
