// Jest Snapshot v1, https://goo.gl/fbAQLP

exports[`header matches snapshot 1`] = `
<Styled(Styled(Box))>
  <Row
    alignItems="center"
    justifyContent="center"
  >
    <TestNav
      items={Object {}}
    />
  </Row>
</Styled(Styled(Box))>
`;
